<?xml version="1.0" encoding="UTF-8"?>
<testsuites name="jest tests" tests="1" failures="1" errors="0" time="0.132">
  <testsuite name="DateFormatter.test.ts" errors="0" failures="1" skipped="0" timestamp="2023-06-23T12:18:11" time="0.126" tests="1">
    <testcase classname=" positive, date to May DD YYYY" name=" positive, date to May DD YYYY" time="0.003">
      <failure>Error: expect(received).toBe(expected) // Object.is equality

Expected: 11
Received: undefined
    at Object.&lt;anonymous&gt; (/Users/hamzahodzic/Personal_Projects/moschee_display/tests/DateFormatter.test.ts:5:34)
    at Promise.then.completed (/Users/hamzahodzic/Personal_Projects/moschee_display/node_modules/jest-circus/build/utils.js:293:28)
    at new Promise (&lt;anonymous&gt;)
    at callAsyncCircusFn (/Users/hamzahodzic/Personal_Projects/moschee_display/node_modules/jest-circus/build/utils.js:226:10)
    at _callCircusTest (/Users/hamzahodzic/Personal_Projects/moschee_display/node_modules/jest-circus/build/run.js:297:40)
    at processTicksAndRejections (node:internal/process/task_queues:95:5)
    at _runTest (/Users/hamzahodzic/Personal_Projects/moschee_display/node_modules/jest-circus/build/run.js:233:3)
    at _runTestsForDescribeBlock (/Users/hamzahodzic/Personal_Projects/moschee_display/node_modules/jest-circus/build/run.js:135:9)
    at run (/Users/hamzahodzic/Personal_Projects/moschee_display/node_modules/jest-circus/build/run.js:68:3)
    at runAndTransformResultsToJestFormat (/Users/hamzahodzic/Personal_Projects/moschee_display/node_modules/jest-circus/build/legacy-code-todo-rewrite/jestAdapterInit.js:122:21)
    at jestAdapter (/Users/hamzahodzic/Personal_Projects/moschee_display/node_modules/jest-circus/build/legacy-code-todo-rewrite/jestAdapter.js:79:19)
    at runTestInternal (/Users/hamzahodzic/Personal_Projects/moschee_display/node_modules/jest-runner/build/runTest.js:367:16)
    at runTest (/Users/hamzahodzic/Personal_Projects/moschee_display/node_modules/jest-runner/build/runTest.js:444:34)</failure>
    </testcase>
  </testsuite>
</testsuites>